// Jest Snapshot v1, https://goo.gl/fbAQLP

exports[`<Pre /> should render code block when no languages are passed 1`] = `
<pre
  class="bg-cool-black text-white p-0 rounded-lg relative overflow-hidden"
>
  <div
    class="overflow-auto relative p-16"
  >
    <code
      class="p-32 language-plaintext"
      style="white-space: pre-wrap;"
    >
      var useVars = false;
    </code>
  </div>
</pre>
`;

exports[`<Pre /> should successfully render Code elements with language 1`] = `
<pre
  class="bg-cool-black text-white p-0 rounded-lg relative overflow-hidden"
>
  <div
    class="overflow-auto relative p-16"
  >
    <code
      class="p-32 language-plaintext"
      style="white-space: pre-wrap;"
    >
      var useVars = false;
    </code>
  </div>
</pre>
`;
